// Jest Snapshot v1, https://goo.gl/fbAQLP

exports[`undefined Matches snapshot 1`] = `
<ContextProvider
  value={
    Object {
      "playerStore": PlayerStore {},
      "roomStore": RoomStore {},
      "rootStore": RootStore {},
    }
  }
>
  <ThemeProvider
    theme={
      Object {
        "colors": Object {
          "additional": "50,50,50",
          "primaryColor": "113,31,218",
          "primaryFill": "255,255,255",
          "secondaryColor": "255,90,19",
          "secondaryFill": "249,248,253",
        },
        "deviceWidth": Object {
          "desktop": 1400,
          "desktopBig": 2000,
          "desktopSmall": 1260,
          "phone": 690,
          "phoneSmall": 370,
          "tablet": 1000,
        },
        "fonts": Object {
          "size": Object {
            "medium": "20px",
            "regular": "16px",
            "small": "12px",
          },
          "weight": Object {
            "bold": "700",
            "light": "300",
            "regular": "400",
          },
        },
        "shadows": Object {
          "primary": "0 10px 30px 0 rgba(84,37,201,0.06);",
        },
      }
    }
  >
    <Memo(wrappedComponent) />
  </ThemeProvider>
</ContextProvider>
`;
